Script started on 2019-08-27 20:13:08-04:00 [TERM="xterm" TTY="/dev/pts/1" COLUMNS="80" LINES="24"]
yjun1@remote02:~/i220a/lab1$ mkdir dir
yjun1@remote02:~/i220a/lab1$ tou[K[K[Ktouch t1.c T1.s v.c v1.s x.c dir/t2.c dir/T2.s1 dir/t3
yjun1@remote02:~/i220a/lab1$ ls
dir  lab1.log  t1.c  T1.s  v1.s  v.c  x.c
yjun1@remote02:~/i220a/lab1$ ls -l
total 0
drwxr-x--- 2 yjun1 yjun1 54 Aug 27 20:13 dir
-rw-r----- 1 yjun1 yjun1  0 Aug 27 20:13 lab1.log
-rw-r----- 1 yjun1 yjun1  0 Aug 27 20:13 t1.c
-rw-r----- 1 yjun1 yjun1  0 Aug 27 20:13 T1.s
-rw-r----- 1 yjun1 yjun1  0 Aug 27 20:13 v1.s
-rw-r----- 1 yjun1 yjun1  0 Aug 27 20:13 v.c
-rw-r----- 1 yjun1 yjun1  0 Aug 27 20:13 x.c
yjun1@remote02:~/i220a/lab1$ ls -tl
total 0
drwxr-x--- 2 yjun1 yjun1 54 Aug 27 20:13 dir
-rw-r----- 1 yjun1 yjun1  0 Aug 27 20:13 x.c
-rw-r----- 1 yjun1 yjun1  0 Aug 27 20:13 t1.c
-rw-r----- 1 yjun1 yjun1  0 Aug 27 20:13 T1.s
-rw-r----- 1 yjun1 yjun1  0 Aug 27 20:13 v1.s
-rw-r----- 1 yjun1 yjun1  0 Aug 27 20:13 v.c
-rw-r----- 1 yjun1 yjun1  0 Aug 27 20:13 lab1.log
yjun1@remote02:~/i220a/lab1$ ls dir [K[K[K[K-[Kdir
t2.c  T2.s1  t3
yjun1@remote02:~/i220a/lab1$ ls -l dir
total 0
-rw-r----- 1 yjun1 yjun1 0 Aug 27 20:13 t2.c
-rw-r----- 1 yjun1 yjun1 0 Aug 27 20:13 T2.s1
-rw-r----- 1 yjun1 yjun1 0 Aug 27 20:13 t3
yjun1@remote02:~/i220a/lab1$ ls -tl [K[K[K[K[K[K[Kman ls
[?1049h[22;0;0t[?1h=LS(1)                            User Commands                           LS(1)[m
[m
[1mNAME[0m[m
       ls - list directory contents[m
[m
[1mSYNOPSIS[0m[m
       [1mls[0m [[4mOPTION[24m]... [[4mFILE[24m]...[m
[m
[1mDESCRIPTION[0m[m
       List  information  about  the FILEs (the current directory by default).[m
       Sort entries alphabetically if none of [1m-cftuvSUX[0m nor [1m--sort[0m  is  speciâ€[m
       fied.[m
[m
       Mandatory  arguments  to  long  options are mandatory for short options[m
       too.[m
[m
       [1m-a[0m, [1m--all[0m[m
              do not ignore entries starting with .[m
[m
       [1m-A[0m, [1m--almost-all[0m[m
              do not list implied . and ..[m
[m
       [1m--author[0m[m
[7m Manual page ls(1) line 1 (press h for help or q to quit)[27m[K[K:[K22[K              with [1m-l[0m, print the author of each file[m
[m
[7m Manual page ls(1) line 3 (press h for help or q to quit)[27m[K[K:[K33[K       [1m-b[0m, [1m--escape[0m[m
              print C-style escapes for nongraphic characters[m
[m
[7m Manual page ls(1) line 6 (press h for help or q to quit)[27m[K[K:[K44[K       [1m--block-size[0m=[4mSIZE[24m[m
              with  [1m-l[0m,  scale  sizes  by  SIZE  when  printing  them;   e.g.,[m
              '--block-size=M'; see SIZE format below[m
[m
[7m Manual page ls(1) line 10 (press h for help or q to quit)[27m[K[K:[K55[K       [1m-B[0m, [1m--ignore-backups[0m[m
              do not list implied entries ending with ~[m
[m
       [1m-c[0m     with [1m-lt[0m: sort by, and show, ctime (time of last modification of[m
              file status information); with [1m-l[0m: show ctime and sort by  name;[m
[7m Manual page ls(1) line 15 (press h for help or q to quit)[27m[K[K:[K66[K              otherwise: sort by ctime, newest first[m
[m
       [1m-C[0m     list entries by columns[m
[m
       [1m--color[0m[=[4mWHEN[24m][m
              colorize  the output; WHEN can be 'always' (default if omitted),[m
[7m Manual page ls(1) line 21 (press h for help or q to quit)[27m[K[K:[K77[K              'auto', or 'never'; more info below[m
[m
       [1m-d[0m, [1m--directory[0m[m
              list directories themselves, not their contents[m
[m
       [1m-D[0m, [1m--dired[0m[m
              generate output designed for Emacs' dired mode[m
[7m Manual page ls(1) line 28 (press h for help or q to quit)[27m[K[K:[K11[K00[K[m
       [1m-f[0m     do not sort, enable [1m-aU[0m, disable [1m-ls[0m [1m--color[0m[m
[m
       [1m-F[0m, [1m--classify[0m[m
              append indicator (one of */=>@|) to entries[m
[m
       [1m--file-type[0m[m
              likewise, except do not append '*'[m
[m
       [1m--format[0m=[4mWORD[24m[m
[7m Manual page ls(1) line 38 (press h for help or q to quit)[27m[K[K:[K11[K22[K              across [1m-x[0m, commas [1m-m[0m, horizontal [1m-x[0m, long [1m-l[0m, single-column  [1m-1[0m,[m
              verbose [1m-l[0m, vertical [1m-C[0m[m
[m
       [1m--full-time[0m[m
              like [1m-l[0m [1m--time-style[0m=[4mfull-iso[24m[m
[m
       [1m-g[0m     like [1m-l[0m, but do not list owner[m
[m
       [1m--group-directories-first[0m[m
              group directories before files;[m
[m
              can   be  augmented  with  a  [1m--sort[0m  option,  but  any  use  of[m
[7m Manual page ls(1) line 50 (press h for help or q to quit)[27m[K[K:[K11[K33[K              [1m--sort[0m=[4mnone[24m ([1m-U[0m) disables grouping[m
[m
       [1m-G[0m, [1m--no-group[0m[m
              in a long listing, don't print group names[m
[m
       [1m-h[0m, [1m--human-readable[0m[m
              with [1m-l[0m and [1m-s[0m, print sizes like 1K 234M 2G etc.[m
[m
       [1m--si[0m   likewise, but use powers of 1000 not 1024[m
[m
       [1m-H[0m, [1m--dereference-command-line[0m[m
              follow symbolic links listed on the command line[m
[m
[7m Manual page ls(1) line 63 (press h for help or q to quit)[27m[K[K:[K22[K00[K       [1m--dereference-command-line-symlink-to-dir[0m[m
              follow each command line symbolic link[m
[m
              that points to a directory[m
[m
       [1m--hide[0m=[4mPATTERN[24m[m
              do not list implied entries matching shell  PATTERN  (overridden[m
              by [1m-a[0m or [1m-A[0m)[m
[m
       [1m--hyperlink[0m[=[4mWHEN[24m][m
              hyperlink file names; WHEN can be 'always' (default if omitted),[m
              'auto', or 'never'[m
[m
       [1m--indicator-style[0m=[4mWORD[24m[m
              append indicator with style WORD to entry names: none (default),[m
              slash ([1m-p[0m), file-type ([1m--file-type[0m), classify ([1m-F[0m)[m
[m
       [1m-i[0m, [1m--inode[0m[m
              print the index number of each file[m
[m
[7m Manual page ls(1) line 83 (press h for help or q to quit)[27m[K[K[?1l>[?1049l[23;0;0tyjun1@remote02:~/i220a/lab1$ ls [K[K[Kls -l -tl dir
total 0
-rw-r----- 1 yjun1 yjun1 0 Aug 27 20:13 t3
-rw-r----- 1 yjun1 yjun1 0 Aug 27 20:13 t2.c
-rw-r----- 1 yjun1 yjun1 0 Aug 27 20:13 T2.s1
yjun1@remote02:~/i220a/lab1$ ls -tl dir
total 0
-rw-r----- 1 yjun1 yjun1 0 Aug 27 20:13 t3
-rw-r----- 1 yjun1 yjun1 0 Aug 27 20:13 t2.c
-rw-r----- 1 yjun1 yjun1 0 Aug 27 20:13 T2.s1
yjun1@remote02:~/i220a/lab1$ ls -t -dir
68879044621 .
yjun1@remote02:~/i220a/lab1$ ls -t dir
t3  t2.c  T2.s1
yjun1@remote02:~/i220a/lab1$ ls T*
T1.s
yjun1@remote02:~/i220a/lab1$ ls dir/*.?
dir/t2.c
yjun1@remote02:~/i220a/lab1$ ls [t-v]*.c
t1.c  v.c
yjun1@remote02:~/i220a/lab1$ ls /bion[K[Kn/[[K?[p-s]
/bin/cp  /bin/ip  /bin/ls  /bin/ps  /bin/ss
yjun1@remote02:~/i220a/lab1$ ls /bin/?[p-s]*?[p-s][C[C[1P[p-s]
/bin/bzcmp	   /bin/gzip	     /bin/sleep
/bin/bzegrep	   /bin/ip	     /bin/ss
/bin/bzfgrep	   /bin/less	     /bin/systemd-machine-id-setup
/bin/bzgrep	   /bin/loadkeys     /bin/systemd-sysusers
/bin/bzip2recover  /bin/ls	     /bin/systemd-tmpfiles
/bin/bzless	   /bin/mkdir	     /bin/tar
/bin/chgrp	   /bin/mktemp	     /bin/ulockmgr_server
/bin/cp		   /bin/ntfscluster  /bin/uncompress
/bin/dir	   /bin/ntfscmp      /bin/vdir
/bin/dumpkeys	   /bin/ntfsls	     /bin/zcmp
/bin/egrep	   /bin/ntfsrecover  /bin/zegrep
/bin/fgrep	   /bin/ntfsusermap  /bin/zfgrep
/bin/fuser	   /bin/ps	     /bin/zgrep
/bin/grep	   /bin/rmdir	     /bin/zless
/bin/gunzip	   /bin/run-parts
yjun1@remote02:~/i220a/lab1$ ls /bin/*[p-s]?[p-s]
/bin/cp  /bin/ip  /bin/ls  /bin/ps  /bin/ss
yjun1@remote02:~/i220a/lab1$ ls /etc/*[rc]
/etc/bash.bashrc	   /etc/lintianrc      /etc/quilt.quiltrc
/etc/chktexrc		   /etc/magic	       /etc/rpc
/etc/csh.cshrc		   /etc/mailcap.order  /etc/sbclrc
/etc/gnashpluginrc	   /etc/mail.rc        /etc/screenrc
/etc/gnashrc		   /etc/matplotlibrc   /etc/slsh.rc
/etc/gnashthumbnailrc	   /etc/Muttrc	       /etc/wgetrc
/etc/gnome-vfs-mime-magic  /etc/nanorc
/etc/inputrc		   /etc/pbuilderrc

/etc/apparmor:
init  parser.conf

/etc/calendar:
default

/etc/dirmngr:

/etc/firefox-esr:
firefox-esr.js

/etc/NetworkManager:
dispatcher.d

/etc/opensc:
opensc.conf

/etc/pbuilder:
buildd-config.sh

/etc/speech-dispatcher:
clients  modules  speechd.conf

/etc/tigervnc:
ecparams.pem  ssleay.cnf

/etc/UPower:
UPower.conf
yjun1@remote02:~/i220a/lab1$ ls .b[K[K/bin/???
/bin/cat  /bin/csh  /bin/dir  /bin/pwd	/bin/red  /bin/sed  /bin/tar  /bin/zsh
yjun1@remote02:~/i220a/lab1$ l[Kls > ls.log
yjun1@remote02:~/i220a/lab1$ cat ls.log
dir
lab1.log
ls.log
t1.c
T1.s
v1.s
v.c
x.c
yjun1@remote02:~/i220a/lab1$ cat > cat.log
I eat 
Food
Sometimes
yjun1@remote02:~/i220a/lab1$ cat.log
bash: cat.log: command not found
yjun1@remote02:~/i220a/lab1$ cat ca.[Kt.log
I eat 
Food
Sometimes
yjun1@remote02:~/i220a/lab1$ ;[Kkls [K[K[K[Kls dir >> ls.log
yjun1@remote02:~/i220a/lab1$ cat ls.log
dir
lab1.log
ls.log
t1.c
T1.s
v1.s
v.c
x.c
t2.c
T2.s1
t3
yjun1@remote02:~/i220a/lab1$ cat < ls.log
dir
lab1.log
ls.log
t1.c
T1.s
v1.s
v.c
x.c
t2.c
T2.s1
t3
yjun1@remote02:~/i220a/lab1$ ls ?[K| wc -l
9
yjun1@remote02:~/i220a/lab1$ ls /bin/???? | wc -l
24
yjun1@remote02:~/i220a/lab1$ ls /bin [K/c*
/bin/cat    /bin/chgrp	/bin/chown  /bin/cp    /bin/csh
/bin/chacl  /bin/chmod	/bin/chvt   /bin/cpio
yjun1@remote02:~/i220a/lab1$ ls /bin/c* >> cat bin_c.log[K[K[K[K[K[K-c.log
ls: cannot access 'bin-c.log': No such file or directory
yjun1@remote02:~/i220a/lab1$ ls /bin/c* >> cat bin-c.log= bin-c.log[1P bin-c.log[1P bin-c.log[1P bin-c.log[1P bin-c.logl bin-c.logs bin-c.log[C[C[C[C[C[C[C[C[C[C
ls: cannot access 'bin-c.log': No such file or directory
yjun1@remote02:~/i220a/lab1$ ls /bin/c* >> ls bin-c.log[C[1P[C[C[C[C[C[C[C[C[C[C[C[C[C[C
ls: cannot access 'bin-c.log': No such file or directory
yjun1@remote02:~/i220a/lab1$ ls /bin/c* > ls bin-c.log[1P[1P[C[1P bin-c.log
yjun1@remote02:~/i220a/lab1$ ls binc[K_[K-c.log | wc - l[K[Kl
1
yjun1@remote02:~/i220a/lab1$ ls bin-c.log | wc -l/bin/c* > bin-c.log[1@?[1@?[1P[1P[1@.[1P[C> bin-c.log
yjun1@remote02:~/i220a/lab1$ ;s [K[K[Kls binc[K_[K-c.log | wc.[K-l
bash: wc-l: command not found
yjun1@remote02:~/i220a/lab1$ ls bin-c.log | wc-l[C[K[K -l
1
yjun1@remote02:~/i220a/lab1$ ls bin-c.log
bin-c.log
yjun1@remote02:~/i220a/lab1$ cat bin-c.log
/bin/cat
/bin/chacl
/bin/chgrp
/bin/chmod
/bin/chown
/bin/chvt
/bin/cp
/bin/cpio
/bin/csh
/bin/cat
/bin/chacl
/bin/chgrp
/bin/chmod
/bin/chown
/bin/chvt
/bin/cp
/bin/cpio
/bin/csh
yjun1@remote02:~/i220a/lab1$ w[Kls bin-c.log | wc -l
1
yjun1@remote02:~/i220a/lab1$ cat > bub[K[Kin-c.log
^[[A    yjun1@remote02:~/i220a/lab1$ ls
bin-c.log  cat	cat.log  dir  lab1.log	ls  ls.log  t1.c  T1.s	v1.s  v.c  x.c
yjun1@remote02:~/i220a/lab1$ ls bin_c[K[K-c.log
bin-c.log
yjun1@remote02:~/i220a/lab1$ ls /bin/[K[Kd[Kyjun1@remote02:~/i220a/lab1$ ls /bidc[K[K[Kin/c*
/bin/cat  /bin/chacl  /bin/chgrp  /bin/chmod  /bin/chown  /bin/chvt  /bin/cp  /bin/cpio  /bin/csh
yjun1@remote02:~/i220a/lab1$ ls /bin/c* >  [K [K[K bin-c.log
yjun1@remote02:~/i220a/lab1$ cat bin-c.log
/bin/cat
/bin/chacl
/bin/chgrp
/bin/chmod
/bin/chown
/bin/chvt
/bin/cp
/bin/cpio
/bin/csh
yjun1@remote02:~/i220a/lab1$ bin[K[K[Kls bin_c[K[K-c.log
bin-c.log
yjun1@remote02:~/i220a/lab1$ ls /binc.[K[K/c* >> bin-c.log
yjun1@remote02:~/i220a/lab1$ ls [K[K[Kcat [K[K[K[Kcat bin-c.log
/bin/cat
/bin/chacl
/bin/chgrp
/bin/chmod
/bin/chown
/bin/chvt
/bin/cp
/bin/cpio
/bin/csh
/bin/cat
/bin/chacl
/bin/chgrp
/bin/chmod
/bin/chown
/bin/chvt
/bin/cp
/bin/cpio
/bin/csh
yjun1@remote02:~/i220a/lab1$ ls bin-c.log | wc -l
1
yjun1@remote02:~/i220a/lab1$ ls bin-c.log | wc -l[7Pcat bin-c.log[10@ls /bin/c* >>[C[C[C[C[C[C[C[C[C[C[11Pbin-c.log[1@cat[C[C[C[C[C[C[C[C[C[C[9@ls /bin/c* >[C[C[C[C[C[C[C[C[C[C
yjun1@remote02:~/i220a/lab1$ ls /bin/c* > bin-c.log[2Pbin-c.log | wc -l[7Pcat bin-c.log[10@ls /bin/c* >>[C[C[C[C[C[C[C[C[C[C[11Pbin-c.log[1@cat[C[C[C[C[C[C[C[C[C[C
/bin/cat
/bin/chacl
/bin/chgrp
/bin/chmod
/bin/chown
/bin/chvt
/bin/cp
/bin/cpio
/bin/csh
yjun1@remote02:~/i220a/lab1$ ls bin_c[K[K[K[K[K[K[K[Kcat bin-c.log[9@ls /bin/c* >[C[C[C[C[C[C[C[C[C[C[2Pbin-c.log | wc -l[7Pcat bin-c.log[10@ls /bin/c* >>[C[C[C[C[C[C[C[C[C[C
yjun1@remote02:~/i220a/lab1$ ls /bin/c* >> bin-c.log[10Pcat[C[C[C[C[C[C[C[C[C[C
/bin/cat
/bin/chacl
/bin/chgrp
/bin/chmod
/bin/chown
/bin/chvt
/bin/cp
/bin/cpio
/bin/csh
/bin/cat
/bin/chacl
/bin/chgrp
/bin/chmod
/bin/chown
/bin/chvt
/bin/cp
/bin/cpio
/bin/csh
yjun1@remote02:~/i220a/lab1$ cat < bin_[K-c.log
/bin/cat
/bin/chacl
/bin/chgrp
/bin/chmod
/bin/chown
/bin/chvt
/bin/cp
/bin/cpio
/bin/csh
/bin/cat
/bin/chacl
/bin/chgrp
/bin/chmod
/bin/chown
/bin/chvt
/bin/cp
/bin/cpio
/bin/csh
yjun1@remote02:~/i220a/lab1$ ls bin-c.log | wc -;
      1       1      10 -
yjun1@remote02:~/i220a/lab1$ ls bin-c.log | wc -;[Kl
1
yjun1@remote02:~/i220a/lab1$ exit

Script done on 2019-08-27 20:34:49-04:00 [COMMAND_EXIT_CODE="0"]
