Script started on 2019-10-24 11:42:43-04:00 [TERM="xterm-256color" TTY="/dev/pts/1" COLUMNS="80" LINES="24"]
yjun1@g7-37:/import/linux/home1/yjun1/git-repos/cs220/labs/lab10$ d[Kcd files/
yjun1@g7-37:/import/linux/home1/yjun1/git-repos/cs220/labs/lab10/files$ c[Kls
cpuid1	cpuid2	parity	rip  rotate  rsp
yjun1@g7-37:/import/linux/home1/yjun1/git-repos/cs220/labs/lab10/files$ cd rotate/
yjun1@g7-37:/import/linux/home1/yjun1/git-repos/cs220/labs/lab10/files/rotate$ m ake
cc -S -Wall -Og -std=c11 rotate.c
yjun1@g7-37:/import/linux/home1/yjun1/git-repos/cs220/labs/lab10/files/rotate$ l s
Makefile  rotate.c  rotate.s
yjun1@g7-37:/import/linux/home1/yjun1/git-repos/cs220/labs/lab10/files/rotate$ e macs rotate.s
yjun1@g7-37:/import/linux/home1/yjun1/git-repos/cs220/labs/lab10/files/rotate$ c d cp[K[K[K[K[A[C[C[C[C[C[C[C[C[C[C[C[C[C[C[C[C[C[C[C[C[C[C[C[C[C[C[C[C[C[C[C[C[C[C[C[C[C[C[C[C[C[C[C[C[C[C[C[C[C[C[C[C[C[C[C[C[C[C[C[C[C[C[C[C[C[C[C[C[C[C[C[C[C[C[C[C[C[C[C[K
[K[A[C[C[C[C[C[C[C[C[C[C[C[C[C[C[C[C[C[C[C[C[C[C[C[C[C[C[C[C[C[C[C[C[C[C[C[C[C[C[C[C[C[C[C[C[C[C[C[C[C[C[C[C[C[C[C[C[C[C[C[C[C[C[C[C[C[C[C[C[C[C[C[C[C[C[C[C[C[C[Cc d ..
yjun1@g7-37:/import/linux/home1/yjun1/git-repos/cs220/labs/lab10/files$ cd cpuid [A[C[C[C[C[C[C[C[C[C[C[C[C[C[C[C[C[C[C[C[C[C[C[C[C[C[C[C[C[C[C[C[C[C[C[C[C[C[C[C[C[C[C[C[C[C[C[C[C[C[C[C[C[C[C[C[C[C[C[C[C[C[C[C[C[C[C[C[C[C[C[C[C[C[C[C[C[C[C[C[Kd
bash: cd: cpuid: No such file or directory
yjun1@g7-37:/import/linux/home1/yjun1/git-repos/cs220/labs/lab10/files$ ls
cpuid1	cpuid2	parity	rip  rotate  rsp
yjun1@g7-37:/import/linux/home1/yjun1/git-repos/cs220/labs/lab10/files$ cd s[Kcup[K[Kpuid 11[K
yjun1@g7-37:/import/linux/home1/yjun1/git-repos/cs220/labs/lab10/files/cpuid1$ l s
cpuid.s  main.c  Makefile
yjun1@g7-37:/import/linux/home1/yjun1/git-repos/cs220/labs/lab10/files/cpuid1$ e macs [K[K[K[K[K[A[C[C[C[C[C[C[C[C[C[C[C[C[C[C[C[C[C[C[C[C[C[C[C[C[C[C[C[C[C[C[C[C[C[C[C[C[C[C[C[C[C[C[C[C[C[C[C[C[C[C[C[C[C[C[C[C[C[C[C[C[C[C[C[C[C[C[C[C[C[C[C[C[C[C[C[C[C[C[C[K
[K[A[C[C[C[C[C[C[C[C[C[C[C[C[C[C[C[C[C[C[C[C[C[C[C[C[C[C[C[C[C[C[C[C[C[C[C[C[C[C[C[C[C[C[C[C[C[C[C[C[C[C[C[C[C[C[C[C[C[C[C[C[C[C[C[C[C[C[C[C[C[C[C[C[C[C[C[C[C[C[Cm ake[K[K[K[A[C[C[C[C[C[C[C[C[C[C[C[C[C[C[C[C[C[C[C[C[C[C[C[C[C[C[C[C[C[C[C[C[C[C[C[C[C[C[C[C[C[C[C[C[C[C[C[C[C[C[C[C[C[C[C[C[C[C[C[C[C[C[C[C[C[C[C[C[C[C[C[C[C[C[C[C[C[C[C[K
[K[A[C[C[C[C[C[C[C[C[C[C[C[C[C[C[C[C[C[C[C[C[C[C[C[C[C[C[C[C[C[C[C[C[C[C[C[C[C[C[C[C[C[C[C[C[C[C[C[C[C[C[C[C[C[C[C[C[C[C[C[C[C[C[C[C[C[C[C[C[C[C[C[C[C[C[C[C[C[C[Ce macs cpuid.s &
[1] 18237
yjun1@g7-37:/import/linux/home1/yjun1/git-repos/cs220/labs/lab10/files/cpuid1$ m ake
cc -g -Wall -std=c11 -Og   -c -o main.o main.c
cc -c -g -Wall -std=c11 -Og cpuid.s -o cpuid.o
cc main.o cpuid.o -o cpuid
[1]+  Done                    emacs cpuid.s
yjun1@g7-37:/import/linux/home1/yjun1/git-repos/cs220/labs/lab10/files/cpuid1$ . /cpuid 
cpuid: eax = 0xd; ebx = 0x756e6547; edx = 0x49656e69; ecx = 0x6c65746e
vendor: GenuineIntel
yjun1@g7-37:/import/linux/home1/yjun1/git-repos/cs220/labs/lab10/files/cpuid1$ c d ...[K
yjun1@g7-37:/import/linux/home1/yjun1/git-repos/cs220/labs/lab10/files$ cd cpuid 2
yjun1@g7-37:/import/linux/home1/yjun1/git-repos/cs220/labs/lab10/files/cpuid2$ e macs main.[K[K[K[K[K[K[K[K[K[K[A[C[C[C[C[C[C[C[C[C[C[C[C[C[C[C[C[C[C[C[C[C[C[C[C[C[C[C[C[C[C[C[C[C[C[C[C[C[C[C[C[C[C[C[C[C[C[C[C[C[C[C[C[C[C[C[C[C[C[C[C[C[C[C[C[C[C[C[C[C[C[C[C[C[C[C[C[C[C[C[K
[K[A[C[C[C[C[C[C[C[C[C[C[C[C[C[C[C[C[C[C[C[C[C[C[C[C[C[C[C[C[C[C[C[C[C[C[C[C[C[C[C[C[C[C[C[C[C[C[C[C[C[C[C[C[C[C[C[C[C[C[C[C[C[C[C[C[C[C[C[C[C[C[C[C[C[C[C[C[C[C[Ce macs cpi[Kuid.s
yjun1@g7-37:/import/linux/home1/yjun1/git-repos/cs220/labs/lab10/files/cpuid2$ emacs cpuid.s[A[C[C[C[C[C[C[C[C[C[C[C[C[C[C[C[C[C[C[C[C[C[C[C[C[C[C[C[C[C[C[C[C[C[C[C[C[C[C[C[C[C[C[C[C[C[C[C[C[C[C[C[C[C[C[C[C[C[C[C[C[C[C[C[C[C[C[Ccd[4P cpuid2[C[C[4P..[A[C[C[C[C[C[C[C[C[C[C[C[C[C[C[C[C[C[C[C[C[C[C[C[C[C[C[C[C[C[C[C[C[C[C[C[C[C[C[C[C[C[C[C[C[C[C[C[C[C[C[C[C[C[C[C[C[C[C[C[C[C[C[C[C[C[C[C[C[C[C[C[C[C[C[C./cpuid 
bash: ./cpuid: No such file or directory
yjun1@g7-37:/import/linux/home1/yjun1/git-repos/cs220/labs/lab10/files/cpuid2$ ./cpuid [K[K[K[K[K[K[K[A[C[C[C[C[C[C[C[C[C[C[C[C[C[C[C[C[C[C[C[C[C[C[C[C[C[C[C[C[C[C[C[C[C[C[C[C[C[C[C[C[C[C[C[C[C[C[C[C[C[C[C[C[C[C[C[C[C[C[C[C[C[C[C[C[C[C[C[C[C[C[C[C[C[C[C[C[C[C[C[K
[K[A[C[C[C[C[C[C[C[C[C[C[C[C[C[C[C[C[C[C[C[C[C[C[C[C[C[C[C[C[C[C[C[C[C[C[C[C[C[C[C[C[C[C[C[C[C[C[C[C[C[C[C[C[C[C[C[C[C[C[C[C[C[C[C[C[C[C[C[C[C[C[C[C[C[C[C[C[C[C[Cm ake
cc -g -Wall -std=c11    -c -o main.o main.c
cc -c -g -Wall -std=c11  cpuid.s -o cpuid.o
cpuid.s: Assembler messages:
cpuid.s:6: Error: number of operands mismatch for `mov'
make: *** [Makefile:11: cpuid.o] Error 1
yjun1@g7-37:/import/linux/home1/yjun1/git-repos/cs220/labs/lab10/files/cpuid2$ make[A[C[C[C[C[C[C[C[C[C[C[C[C[C[C[C[C[C[C[C[C[C[C[C[C[C[C[C[C[C[C[C[C[C[C[C[C[C[C[C[C[C[C[C[C[C[C[C[C[C[C[C[C[C[C[C[C[C[C[C[C[C[C[C[C[C[C[C[C[C[C[C[C[C[C[C[C./cpuid [A[C[C[C[C[C[C[C[C[C[C[C[C[C[C[C[C[C[C[C[C[C[C[C[C[C[C[C[C[C[C[C[C[C[C[C[C[C[C[C[C[C[C[C[C[C[C[C[C[C[C[C[C[C[C[C[C[C[C[C[C[C[C[C[C[C[C[C[C[C[C[C[Cemacs cpuid.s
yjun1@g7-37:/import/linux/home1/yjun1/git-repos/cs220/labs/lab10/files/cpuid2$ m ake
cc -c -g -Wall -std=c11  cpuid.s -o cpuid.o
cc main.o cpuid.o -o cpuid
yjun1@g7-37:/import/linux/home1/yjun1/git-repos/cs220/labs/lab10/files/cpuid2$ . /[K[A[C[C[C[C[C[C[C[C[C[C[C[C[C[C[C[C[C[C[C[C[C[C[C[C[C[C[C[C[C[C[C[C[C[C[C[C[C[C[C[C[C[C[C[C[C[C[C[C[C[C[C[C[C[C[C[C[C[C[C[C[C[C[C[C[C[C[C[C[C[C[C[C[C[C[C[C[C[C[C[K
[K[A[C[C[C[C[C[C[C[C[C[C[C[C[C[C[C[C[C[C[C[C[C[C[C[C[C[C[C[C[C[C[C[C[C[C[C[C[C[C[C[C[C[C[C[C[C[C[C[C[C[C[C[C[C[C[C[C[C[C[C[C[C[C[C[C[C[C[C[C[C[C[C[C[C[C[C[C[C[C[Cc d //
yjun1@g7-37://$ cd /[K[K[K[Kcd [K[K[Kls
backup	    initrd.img		    mnt			 srv
bin	    initrd.img.old	    nslcd.conf.linux	 sys
boot	    lib			    opt			 tmp
dev	    lib32		    opt.local		 usr
etc	    lib64		    opt.old		 var
home	    libnss-ldap.conf.linux  pam_ldap.conf.linux  vmlinuz
home1	    libx32		    proc		 vmlinuz.old
home.local  lost+found		    root
home.save   media		    run
import	    microchip		    sbin
yjun1@g7-37://$ cd [K[K[Kcd import
yjun1@g7-37://import$ cd linux/home1/yjun1/git-repos//cs220/[K[K[K[K[K[K[Kcs220/laa[Kbs/lab10/files/
yjun1@g7-37://import/linux/home1/yjun1/git-repos/cs220/labs/lab10/files$ par[K[K[Kcd parity/
yjun1@g7-37://import/linux/home1/yjun1/git-repos/cs220/labs/lab10/files/parity$  ls
main.c	Makefile  parity.s
yjun1@g7-37://import/linux/home1/yjun1/git-repos/cs220/labs/lab10/files/parity$  cd [K[K[Kemacs parity.s
yjun1@g7-37://import/linux/home1/yjun1/git-repos/cs220/labs/lab10/files/parity$  make
cc -g -Wall -std=c11 -Og   -c -o main.o main.c
cc -c -g -Wall -std=c11 -Og parity.s -o parity.o
cc main.o parity.o -o parity
yjun1@g7-37://import/linux/home1/yjun1/git-repos/cs220/labs/lab10/files/parity$  ./parity 1 2 3 4 5 6
parity(1) = 1
parity(2) = 2
parity(3) = 3
parity(4) = 4
parity(5) = 5
parity(6) = 6
yjun1@g7-37://import/linux/home1/yjun1/git-repos/cs220/labs/lab10/files/parity$  ./parity 1 2 3 4 5 6make[Kemacs parity.s
yjun1@g7-37://import/linux/home1/yjun1/git-repos/cs220/labs/lab10/files/parity$  emacs parity.s./parity 1 2 3 4 5 6
parity(1) = 1
parity(2) = 2
parity(3) = 3
parity(4) = 4
parity(5) = 5
parity(6) = 6
yjun1@g7-37://import/linux/home1/yjun1/git-repos/cs220/labs/lab10/files/parity$  make
cc -c -g -Wall -std=c11 -Og parity.s -o parity.o
cc main.o parity.o -o parity
yjun1@g7-37://import/linux/home1/yjun1/git-repos/cs220/labs/lab10/files/parity$  make./parity 1 2 3 4 5 6
parity(1) = 0
parity(2) = 0
parity(3) = 1
parity(4) = 0
parity(5) = 1
parity(6) = 1
yjun1@g7-37://import/linux/home1/yjun1/git-repos/cs220/labs/lab10/files/parity$  cd ..
yjun1@g7-37://import/linux/home1/yjun1/git-repos/cs220/labs/lab10/files$ cd rip/ [A[C[C[C[C[C[C[C[C[C[C[C[C[C[C[C[C[C[C[C[C[C[C[C[C[C[C[C[C[C[C[C[C[C[C[C[C[C[C[C[C[C[C[C[C[C[C[C[C[C[C[C[C[C[C[C[C[C[C[C[C[C[C[C[C[C[C[C[C[C[C[C[C[C[C[C[C[C[C[C[K/
yjun1@g7-37://import/linux/home1/yjun1/git-repos/cs220/labs/lab10/files/rip$ eam cs[K[K[A[C[C[C[C[C[C[C[C[C[C[C[C[C[C[C[C[C[C[C[C[C[C[C[C[C[C[C[C[C[C[C[C[C[C[C[C[C[C[C[C[C[C[C[C[C[C[C[C[C[C[C[C[C[C[C[C[C[C[C[C[C[C[C[C[C[C[C[C[C[C[C[C[C[C[C[C[C[C[C[K
[K[A[C[C[C[C[C[C[C[C[C[C[C[C[C[C[C[C[C[C[C[C[C[C[C[C[C[C[C[C[C[C[C[C[C[C[C[C[C[C[C[C[C[C[C[C[C[C[C[C[C[C[C[C[C[C[C[C[C[C[C[C[C[C[C[C[C[C[C[C[C[C[C[C[C[C[C[C[C[C[C[K[Kema cs rip.c
make    yjun1@g7-37://import/linux/home1/yjun1/git-repos/cs220/labs/lab10/files/rip$ mak e
cc -Wall -Og -std=c11 -S rip.c
cc -Wall -Og -std=c11    rip.c   -o rip
objdump -d rip > rip.dump
yjun1@g7-37://import/linux/home1/yjun1/git-repos/cs220/labs/lab10/files/rip$ ./r ip
&get_rip() = 0x557f1837b135; rip = 0x557f1837b13c
yjun1@g7-37://import/linux/home1/yjun1/git-repos/cs220/labs/lab10/files/rip$ eam cs rip.di[Kump
bash: eamcs: command not found
yjun1@g7-37://import/linux/home1/yjun1/git-repos/cs220/labs/lab10/files/rip$ ls
Makefile  rip  rip.c  rip.dump	rip.s
yjun1@g7-37://import/linux/home1/yjun1/git-repos/cs220/labs/lab10/files/rip$ eam c[K[A[C[C[C[C[C[C[C[C[C[C[C[C[C[C[C[C[C[C[C[C[C[C[C[C[C[C[C[C[C[C[C[C[C[C[C[C[C[C[C[C[C[C[C[C[C[C[C[C[C[C[C[C[C[C[C[C[C[C[C[C[C[C[C[C[C[C[C[C[C[C[C[C[C[C[C[C[C[C[C[K
[K[A[C[C[C[C[C[C[C[C[C[C[C[C[C[C[C[C[C[C[C[C[C[C[C[C[C[C[C[C[C[C[C[C[C[C[C[C[C[C[C[C[C[C[C[C[C[C[C[C[C[C[C[C[C[C[C[C[C[C[C[C[C[C[C[C[C[C[C[C[C[C[C[C[C[C[C[C[C[C[C[Kma cs rip.dump
yjun1@g7-37://import/linux/home1/yjun1/git-repos/cs220/labs/lab10/files/rip$ eam [A[C[C[C[C[C[C[C[C[C[C[C[C[C[C[C[C[C[C[C[C[C[C[C[C[C[C[C[C[C[C[C[C[C[C[C[C[C[C[C[C[C[C[C[C[C[C[C[C[C[C[C[C[C[C[C[C[C[C[C[C[C[C[C[C[C[C[C[C[C[C[C[C[C[C[C[C[C[C[C[K
[K[A[C[C[C[C[C[C[C[C[C[C[C[C[C[C[C[C[C[C[C[C[C[C[C[C[C[C[C[C[C[C[C[C[C[C[C[C[C[C[C[C[C[C[C[C[C[C[C[C[C[C[C[C[C[C[C[C[C[C[C[C[C[C[C[C[C[C[C[C[C[C[C[C[C[C[C[C[C[C[C[K[Kemacs rip.dump[A[C[C[C[C[C[C[C[C[C[C[C[C[C[C[C[C[C[C[C[C[C[C[C[C[C[C[C[C[C[C[C[C[C[C[C[C[C[C[C[C[C[C[C[C[C[C[C[C[C[C[C[C[C[C[C[C[C[C[C[C[C[C[C[C[C[C[1Pls
[K[A[C[C[C[C[C[C[C[C[C[C[C[C[C[C[C[C[C[C[C[C[C[C[C[C[C[C[C[C[C[C[C[C[C[C[C[C[C[C[C[C[C[C[C[C[C[C[C[C[C[C[C[C[C[C[C[C[C[C[C[C[C[C[C[C[C[C[C[C[C[C[C[C[C[C[C[C[C[C[Ceamcs rip.dump[A[C[C[C[C[C[C[C[C[C[C[C[C[C[C[C[C[C[C[C[C[C[C[C[C[C[C[C[C[C[C[C[C[C[C[C[C[C[C[C[C[C[C[C[C[C[C[C[C[C[C[C[C[C[C[C[C[C[C[C[C[C[C[C[C[C[C./rip[K
&get_rip() = 0x55c5d35ac135; rip = 0x55c5d35ac13c
yjun1@g7-37://import/linux/home1/yjun1/git-repos/cs220/labs/lab10/files/rip$ cd  ..
yjun1@g7-37://import/linux/home1/yjun1/git-repos/cs220/labs/lab10/files$ cd rsp
yjun1@g7-37://import/linux/home1/yjun1/git-repos/cs220/labs/lab10/files/rsp$ ls
Makefile  rsp.c
yjun1@g7-37://import/linux/home1/yjun1/git-repos/cs220/labs/lab10/files/rsp$ c[Kema cs rsp.c
yjun1@g7-37://import/linux/home1/yjun1/git-repos/cs220/labs/lab10/files/rsp$ ./[K[Kmak e
cc -Wall -Og -std=c11 -S rsp.c
[01m[Krsp.c:[m[K In function â€˜[01m[Kget_rsp[m[Kâ€™:
[01m[Krsp.c:8:29:[m[K [01;31m[Kerror: [m[Kexpected string literal before â€˜[01m[Kr[m[Kâ€™
   __asm__("leaq(%%rip), %0":[01;31m[Kr[m[K(rip));
                             [01;31m[K^[m[K
make: *** [Makefile:15: rsp.s] Error 1
yjun1@g7-37://import/linux/home1/yjun1/git-repos/cs220/labs/lab10/files/rsp$ make[A[C[C[C[C[C[C[C[C[C[C[C[C[C[C[C[C[C[C[C[C[C[C[C[C[C[C[C[C[C[C[C[C[C[C[C[C[C[C[C[C[C[C[C[C[C[C[C[C[C[C[C[C[C[C[C[C[C[C[C[C[C[C[C[C[C[C[C[C[C[C[C[C[C[C[C[Cemacs rsp.c
yjun1@g7-37://import/linux/home1/yjun1/git-repos/cs220/labs/lab10/files/rsp$ emacs rsp.c[A[C[C[C[C[C[C[C[C[C[C[C[C[C[C[C[C[C[C[C[C[C[C[C[C[C[C[C[C[C[C[C[C[C[C[C[C[C[C[C[C[C[C[C[C[C[C[C[C[C[C[C[C[C[C[C[C[C[C[C[C[C[C[C[C[C[C[C[C[Cmake[K
cc -Wall -Og -std=c11 -S rsp.c
[01m[Krsp.c:[m[K In function â€˜[01m[Kget_rsp[m[Kâ€™:
[01m[Krsp.c:8:34:[m[K [01;31m[Kerror: [m[Kâ€˜[01m[Krip[m[Kâ€™ undeclared (first use in this function); did you mean â€˜[01m[Krsp[m[Kâ€™?
   __asm__("leaq(%%rip), %0":":r"([01;31m[Krip[m[K));
                                  [01;31m[K^~~[m[K
                                  [32m[Krsp[m[K
[01m[Krsp.c:8:34:[m[K [01;36m[Knote: [m[Keach undeclared identifier is reported only once for each function it appears in
[01m[Krsp.c:8:3:[m[K [01;31m[Kerror: [m[Koutput operand constraint lacks â€˜[01m[K=[m[Kâ€™
   [01;31m[K__asm__[m[K("leaq(%%rip), %0":":r"(rip));
   [01;31m[K^~~~~~~[m[K
[01m[Krsp.c:8:3:[m[K [01;31m[Kerror: [m[Koutput operand constraint lacks â€˜[01m[K=[m[Kâ€™
[01m[Krsp.c:8:3:[m[K [01;31m[Kerror: [m[Kinvalid lvalue in asm output 0
make: *** [Makefile:15: rsp.s] Error 1
yjun1@g7-37://import/linux/home1/yjun1/git-repos/cs220/labs/lab10/files/rsp$ make[A[C[C[C[C[C[C[C[C[C[C[C[C[C[C[C[C[C[C[C[C[C[C[C[C[C[C[C[C[C[C[C[C[C[C[C[C[C[C[C[C[C[C[C[C[C[C[C[C[C[C[C[C[C[C[C[C[C[C[C[C[C[C[C[C[C[C[C[C[C[C[C[C[C[C[C[Cemacs rsp.c[A[C[C[C[C[C[C[C[C[C[C[C[C[C[C[C[C[C[C[C[C[C[C[C[C[C[C[C[C[C[C[C[C[C[C[C[C[C[C[C[C[C[C[C[C[C[C[C[C[C[C[C[C[C[C[C[C[C[C[C[C[C[C[C[C[C[C[C[C[Cmake[K[A[C[C[C[C[C[C[C[C[C[C[C[C[C[C[C[C[C[C[C[C[C[C[C[C[C[C[C[C[C[C[C[C[C[C[C[C[C[C[C[C[C[C[C[C[C[C[C[C[C[C[C[C[C[C[C[C[C[C[C[C[C[C[C[C[C[C[C[C[C[C[C[C[C[C[C[Cemacs rsp.c
yjun1@g7-37://import/linux/home1/yjun1/git-repos/cs220/labs/lab10/files/rsp$ emacs rsp.c[A[C[C[C[C[C[C[C[C[C[C[C[C[C[C[C[C[C[C[C[C[C[C[C[C[C[C[C[C[C[C[C[C[C[C[C[C[C[C[C[C[C[C[C[C[C[C[C[C[C[C[C[C[C[C[C[C[C[C[C[C[C[C[C[C[C[C[C[C[Cmake[K
cc -Wall -Og -std=c11 -S rsp.c
[01m[Krsp.c:[m[K In function â€˜[01m[Kget_rsp[m[Kâ€™:
[01m[Krsp.c:8:9:[m[K [01;31m[Kerror: [m[Kexpected expression before â€˜[01m[K__asm__[m[Kâ€™
   rsp = [01;31m[K__asm__[m[K("leaq(%%rsp), %0":":r"(rsp));
         [01;31m[K^~~~~~~[m[K
make: *** [Makefile:15: rsp.s] Error 1
yjun1@g7-37://import/linux/home1/yjun1/git-repos/cs220/labs/lab10/files/rsp$ make[A[C[C[C[C[C[C[C[C[C[C[C[C[C[C[C[C[C[C[C[C[C[C[C[C[C[C[C[C[C[C[C[C[C[C[C[C[C[C[C[C[C[C[C[C[C[C[C[C[C[C[C[C[C[C[C[C[C[C[C[C[C[C[C[C[C[C[C[C[C[C[C[C[C[C[C[Cemacs rsp.c
yjun1@g7-37://import/linux/home1/yjun1/git-repos/cs220/labs/lab10/files/rsp$ emacs rsp.c[A[C[C[C[C[C[C[C[C[C[C[C[C[C[C[C[C[C[C[C[C[C[C[C[C[C[C[C[C[C[C[C[C[C[C[C[C[C[C[C[C[C[C[C[C[C[C[C[C[C[C[C[C[C[C[C[C[C[C[C[C[C[C[C[C[C[C[C[C[Cmake[K
cc -Wall -Og -std=c11    rsp.c   -o rsp
[01m[Krsp.c:[m[K In function â€˜[01m[Kget_rsp[m[Kâ€™:
[01m[Krsp.c:8:9:[m[K [01;31m[Kerror: [m[Kexpected expression before â€˜[01m[K__asm__[m[Kâ€™
   rsp = [01;31m[K__asm__[m[K("leaq(%%rsp), %0":":r"(rsp));
         [01;31m[K^~~~~~~[m[K
make: *** [<builtin>: rsp] Error 1
yjun1@g7-37://import/linux/home1/yjun1/git-repos/cs220/labs/lab10/files/rsp$ make[A[C[C[C[C[C[C[C[C[C[C[C[C[C[C[C[C[C[C[C[C[C[C[C[C[C[C[C[C[C[C[C[C[C[C[C[C[C[C[C[C[C[C[C[C[C[C[C[C[C[C[C[C[C[C[C[C[C[C[C[C[C[C[C[C[C[C[C[C[C[C[C[C[C[C[C[Cemacs rsp.c
yjun1@g7-37://import/linux/home1/yjun1/git-repos/cs220/labs/lab10/files/rsp$ emacs rsp.c[A[C[C[C[C[C[C[C[C[C[C[C[C[C[C[C[C[C[C[C[C[C[C[C[C[C[C[C[C[C[C[C[C[C[C[C[C[C[C[C[C[C[C[C[C[C[C[C[C[C[C[C[C[C[C[C[C[C[C[C[C[C[C[C[C[C[C[C[C[Cmake[K
cc -Wall -Og -std=c11 -S rsp.c
cc -Wall -Og -std=c11    rsp.c   -o rsp
objdump -d rsp > rsp.dump
yjun1@g7-37://import/linux/home1/yjun1/git-repos/cs220/labs/lab10/files/rsp$ make[A[C[C[C[C[C[C[C[C[C[C[C[C[C[C[C[C[C[C[C[C[C[C[C[C[C[C[C[C[C[C[C[C[C[C[C[C[C[C[C[C[C[C[C[C[C[C[C[C[C[C[C[C[C[C[C[C[C[C[C[C[C[C[C[C[C[C[C[C[C[C[C[C[C[C[C[Cemacs rsp.c[K[K[K[K[K[K[K[K[A[C[C[C[C[C[C[C[C[C[C[C[C[C[C[C[C[C[C[C[C[C[C[C[C[C[C[C[C[C[C[C[C[C[C[C[C[C[C[C[C[C[C[C[C[C[C[C[C[C[C[C[C[C[C[C[C[C[C[C[C[C[C[C[C[C[C[C[C[C[C[C[C[C[C[C[C[C[C[C[K
[K[A[C[C[C[C[C[C[C[C[C[C[C[C[C[C[C[C[C[C[C[C[C[C[C[C[C[C[C[C[C[C[C[C[C[C[C[C[C[C[C[C[C[C[C[C[C[C[C[C[C[C[C[C[C[C[C[C[C[C[C[C[C[C[C[C[C[C[C[C[C[C[C[C[C[C[C[C[C[C[C[K[K./r sp
&stkVar = 0x7fffef2ba6cc; rsp = 0x7fffef2ba6b8
yjun1@g7-37://import/linux/home1/yjun1/git-repos/cs220/labs/lab10/files/rsp$ cd  ..
yjun1@g7-37://import/linux/home1/yjun1/git-repos/cs220/labs/lab10/files$ cd ..
yjun1@g7-37://import/linux/home1/yjun1/git-repos/cs220/labs/lab10$ c [Kd..
bash: cd..: command not found
yjun1@g7-37://import/linux/home1/yjun1/git-repos/cs220/labs/lab10$ cd. [K[Kc[K ..
yjun1@g7-37://import/linux/home1/yjun1/git-repos/cs220/labs$ cd ..
yjun1@g7-37://import/linux/home1/yjun1/git-repos/cs220$ cd ..
yjun1@g7-37://import/linux/home1/yjun1/git-repos$ mv cs220/labs/lab10/[K/ c[Ki220a/submit/
yjun1@g7-37://import/linux/home1/yjun1/git-repos$ ls
cs220  i220a  lab8.git
yjun1@g7-37://import/linux/home1/yjun1/git-repos$ cd i220a
yjun1@g7-37://import/linux/home1/yjun1/git-repos/i220a$ ls
grading  README.md  submit  work
yjun1@g7-37://import/linux/home1/yjun1/git-repos/i220a$ cd submit
yjun1@g7-37://import/linux/home1/yjun1/git-repos/i220a/submit$ ls
lab1  lab10  lab2  lab3  lab4  lab5  lab6  lab7  lab8  lab9  prj1-sol  prj2-sol
yjun1@g7-37://import/linux/home1/yjun1/git-repos/i220a/submit$ cd ..[K[K[K[K[Kls
lab1  lab10  lab2  lab3  lab4  lab5  lab6  lab7  lab8  lab9  prj1-sol  prj2-sol
yjun1@g7-37://import/linux/home1/yjun1/git-repos/i220a/submit$ g[Kgit pull
Already up to date.
yjun1@g7-37://import/linux/home1/yjun1/git-repos/i220a/submit$ git add -A
yjun1@g7-37://import/linux/home1/yjun1/git-repos/i220a/submit$ git commit -m{" [K[K [K[K "Su bmitted lab[K[K[KLab [K10"
[master 509e4a8] Submitted Lab10
 Committer: ycdjun@gmail.com <yjun1@cs.binghamton.edu>
Your name and email address were configured automatically based
on your username and hostname. Please check that they are accurate.
You can suppress this message by setting them explicitly:

    git config --global user.name "Your Name"
    git config --global user.email you@example.com

After doing this, you may fix the identity used for this commit with:

    git commit --amend --reset-author

 27 files changed, 996 insertions(+)
 create mode 100755 submit/lab10/Makefile
 create mode 100644 submit/lab10/files/cpuid1/.gitignore
 create mode 100644 submit/lab10/files/cpuid1/Makefile
 create mode 100644 submit/lab10/files/cpuid1/cpuid.s
 create mode 100644 submit/lab10/files/cpuid1/main.c
 create mode 100644 submit/lab10/files/cpuid2/.gitignore
 create mode 100644 submit/lab10/files/cpuid2/Makefile
 create mode 100644 submit/lab10/files/cpuid2/cpuid.s
 create mode 100644 submit/lab10/files/cpuid2/main.c
 create mode 100644 submit/lab10/files/parity/Makefile
 create mode 100644 submit/lab10/files/parity/main.c
 create mode 100755 submit/lab10/files/parity/parity
 create mode 100644 submit/lab10/files/parity/parity.s
 create mode 100644 submit/lab10/files/rip/.gitignore
 create mode 100644 submit/lab10/files/rip/Makefile
 create mode 100644 submit/lab10/files/rip/rip.c
 create mode 100644 submit/lab10/files/rotate/.gitignore
 create mode 100644 submit/lab10/files/rotate/Makefile
 create mode 100644 submit/lab10/files/rotate/rotate.c
 create mode 100644 submit/lab10/files/rsp/.gitignore
 create mode 100644 submit/lab10/files/rsp/Makefile
 create mode 100644 submit/lab10/files/rsp/rsp.c
 create mode 100644 submit/lab10/lab10.html
 create mode 100644 submit/lab10/lab10.log
 create mode 100644 submit/lab10/lab10.pdf
 create mode 100644 submit/lab10/lab10.umt
 create mode 100644 submit/lab10/lab10_output.txt
yjun1@g7-37://import/linux/home1/yjun1/git-repos/i220a/submit$ git push
Enumerating objects: 39, done.
Counting objects:   2% (1/39)   Counting objects:   5% (2/39)   Counting objects:   7% (3/39)   Counting objects:  10% (4/39)   Counting objects:  12% (5/39)   Counting objects:  15% (6/39)   Counting objects:  17% (7/39)   Counting objects:  20% (8/39)   Counting objects:  23% (9/39)   Counting objects:  25% (10/39)   Counting objects:  28% (11/39)   Counting objects:  30% (12/39)   Counting objects:  33% (13/39)   Counting objects:  35% (14/39)   Counting objects:  38% (15/39)   Counting objects:  41% (16/39)   Counting objects:  43% (17/39)   Counting objects:  46% (18/39)   Counting objects:  48% (19/39)   Counting objects:  51% (20/39)   Counting objects:  53% (21/39)   Counting objects:  56% (22/39)   Counting objects:  58% (23/39)   Counting objects:  61% (24/39)   Counting objects:  64% (25/39)   Counting objects:  66% (26/39)   Counting objects:  69% (27/39)   Counting objects:  71% (28/39)   Counting objects:  74% (29/39)   Counting objects:  76% (30/39)   Counting objects:  79% (31/39)   Counting objects:  82% (32/39)   Counting objects:  84% (33/39)   Counting objects:  87% (34/39)   Counting objects:  89% (35/39)   Counting objects:  92% (36/39)   Counting objects:  94% (37/39)   Counting objects:  97% (38/39)   Counting objects: 100% (39/39)   Counting objects: 100% (39/39), done.
Delta compression using up to 8 threads
Compressing objects:   3% (1/33)   Compressing objects:   6% (2/33)   Compressing objects:   9% (3/33)   Compressing objects:  12% (4/33)   Compressing objects:  15% (5/33)   Compressing objects:  18% (6/33)   Compressing objects:  21% (7/33)   Compressing objects:  24% (8/33)   Compressing objects:  27% (9/33)   Compressing